#1 [internal] load local bake definitions
#1 reading from stdin 595B 0.2s done
#1 DONE 0.2s

#2 [internal] load build definition from Dockerfile
#2 transferring dockerfile:
#2 transferring dockerfile: 1.15kB 0.2s done
#2 DONE 0.3s

#3 [internal] load metadata for docker.io/library/debian:12-slim@sha256:7c7b2c966bc9ee8cedfeef67e0e279108992c77681fa595db4a9d65c06ccc587
#3 DONE 1.9s

#4 [internal] load .dockerignore
#4 transferring context: 108B 0.0s done
#4 DONE 0.0s

#5 [internal] load build context
#5 transferring context: 63B 0.0s done
#5 DONE 0.0s

#6 [builder 1/5] FROM docker.io/library/debian:12-slim@sha256:7c7b2c966bc9ee8cedfeef67e0e279108992c77681fa595db4a9d65c06ccc587
#6 resolve docker.io/library/debian:12-slim@sha256:7c7b2c966bc9ee8cedfeef67e0e279108992c77681fa595db4a9d65c06ccc587 0.1s done
#6 DONE 0.1s

#7 [runtime 3/5] COPY --from=builder /opt/venv /opt/venv
#7 CACHED

#8 [runtime 2/5] RUN apt-get update && DEBIAN_FRONTEND=noninteractive apt-get install -y --no-install-recommends python3 ca-certificates tzdata && rm -rf /var/lib/apt/lists/* && useradd --uid 10001 --create-home app
#8 CACHED

#9 [builder 5/5] RUN /opt/venv/bin/pip install --no-cache-dir -r /tmp/requirements.txt
#9 CACHED

#10 [builder 4/5] COPY requirements.txt /tmp/requirements.txt
#10 CACHED

#11 [builder 2/5] RUN apt-get update && DEBIAN_FRONTEND=noninteractive apt-get install -y --no-install-recommends python3 python3-venv ca-certificates && rm -rf /var/lib/apt/lists/*
#11 CACHED

#12 [runtime 4/5] WORKDIR /app
#12 CACHED

#13 [builder 3/5] RUN python3 -m venv /opt/venv
#13 CACHED

#14 [runtime 5/5] COPY app.py /app/app.py
#14 CACHED

#15 exporting to image
#15 exporting layers done
#15 exporting manifest sha256:b2dd405214a4b9ab2a2d394d8acb42c2e0c3d83e34a22733997f41acd3f72105 done
#15 exporting config sha256:910def09cd1c56604931e790b43fc940fe1d0cdcdd2d8b17d0c3db8bfb07e86f done
#15 exporting attestation manifest sha256:0f641206fe647bdbaac7a003fb281092e90ddfec8f4164c41c2e93e9b0bca7af 0.1s done
#15 exporting manifest list sha256:071dd4ce68e5b97f8df7df24baf4484267971f56373c77e2c823d22f38a11df0
#15 exporting manifest list sha256:071dd4ce68e5b97f8df7df24baf4484267971f56373c77e2c823d22f38a11df0 0.0s done
#15 naming to docker.io/library/vaccinations-pr1:local 0.0s done
#15 unpacking to docker.io/library/vaccinations-pr1:local 0.0s done
#15 DONE 0.4s

#16 resolving provenance for metadata file
#16 DONE 0.1s
--progress is a global compose flag, better use `docker compose --progress xx build ...
 Image vaccinations-pr1:local Building 
 Image vaccinations-pr1:local Built 
