#1 [internal] load local bake definitions
#1 reading from stdin 595B 0.2s done
#1 DONE 0.2s

#2 [internal] load build definition from Dockerfile
#2 transferring dockerfile:
#2 transferring dockerfile: 1.20kB 0.3s done
#2 DONE 0.4s

#3 [internal] load metadata for docker.io/library/debian:12-slim@sha256:7c7b2c966bc9ee8cedfeef67e0e279108992c77681fa595db4a9d65c06ccc587
#3 DONE 2.9s

#4 [internal] load .dockerignore
#4 transferring context: 32B 0.0s
#4 transferring context: 108B 0.3s done
#4 DONE 0.7s

#5 [internal] load build context
#5 transferring context: 63B 0.1s done
#5 DONE 0.2s

#6 [builder 1/5] FROM docker.io/library/debian:12-slim@sha256:7c7b2c966bc9ee8cedfeef67e0e279108992c77681fa595db4a9d65c06ccc587
#6 resolve docker.io/library/debian:12-slim@sha256:7c7b2c966bc9ee8cedfeef67e0e279108992c77681fa595db4a9d65c06ccc587
#6 resolve docker.io/library/debian:12-slim@sha256:7c7b2c966bc9ee8cedfeef67e0e279108992c77681fa595db4a9d65c06ccc587 0.2s done
#6 DONE 0.2s

#7 [builder 2/5] RUN apt-get update && DEBIAN_FRONTEND=noninteractive apt-get install -y --no-install-recommends python3 python3-venv ca-certificates && rm -rf /var/lib/apt/lists/*
#7 CACHED

#8 [builder 3/5] RUN python3 -m venv /opt/venv
#8 CACHED

#9 [builder 4/5] COPY requirements.txt /tmp/requirements.txt
#9 CACHED

#10 [builder 5/5] RUN /opt/venv/bin/pip install --no-cache-dir -r /tmp/requirements.txt && /opt/venv/bin/pip uninstall -y pip setuptools wheel
#10 6.736 Collecting Flask==3.1.2
#10 7.145   Downloading flask-3.1.2-py3-none-any.whl (103 kB)
#10 7.251      ━━━━━━━━━━━━━━━━━━━━━━━━━━━━━━━━━━━━━━━ 103.3/103.3 kB 1.0 MB/s eta 0:00:00
#10 7.421 Collecting gunicorn==23.0.0
#10 7.467   Downloading gunicorn-23.0.0-py3-none-any.whl (85 kB)
#10 7.510      ━━━━━━━━━━━━━━━━━━━━━━━━━━━━━━━━━━━━━━━━ 85.0/85.0 kB 2.9 MB/s eta 0:00:00
#10 7.799 Collecting psycopg[binary,pool]==3.2.10
#10 7.852   Downloading psycopg-3.2.10-py3-none-any.whl (206 kB)
#10 7.919      ━━━━━━━━━━━━━━━━━━━━━━━━━━━━━━━━━━━━━━━ 206.6/206.6 kB 3.6 MB/s eta 0:00:00
#10 7.998 Collecting blinker>=1.9.0
#10 8.030   Downloading blinker-1.9.0-py3-none-any.whl (8.5 kB)
#10 8.146 Collecting click>=8.1.3
#10 8.182   Downloading click-8.5.0-py3-none-any.whl (125 kB)
#10 8.258      ━━━━━━━━━━━━━━━━━━━━━━━━━━━━━━━━━━━━━━━ 125.3/125.3 kB 2.1 MB/s eta 0:00:00
#10 8.384 Collecting itsdangerous>=2.2.0
#10 8.430   Downloading itsdangerous-2.2.0-py3-none-any.whl (16 kB)
#10 8.533 Collecting jinja2>=3.1.2
#10 8.567   Downloading jinja2-3.1.6-py3-none-any.whl (134 kB)
#10 8.644      ━━━━━━━━━━━━━━━━━━━━━━━━━━━━━━━━━━━━━━━ 134.9/134.9 kB 2.1 MB/s eta 0:00:00
#10 9.008 Collecting markupsafe>=2.1.1
#10 9.073   Downloading markupsafe-3.0.4-cp311-cp311-manylinux2014_x86_64.manylinux_2_17_x86_64.manylinux_2_28_x86_64.whl (22 kB)
#10 9.288 Collecting werkzeug>=3.1.0
#10 9.334   Downloading werkzeug-3.1.9-py3-none-any.whl (228 kB)
#10 9.420      ━━━━━━━━━━━━━━━━━━━━━━━━━━━━━━━━━━━━━━━ 228.7/228.7 kB 3.2 MB/s eta 0:00:00
#10 9.576 Collecting packaging
#10 9.619   Downloading packaging-26.3-py3-none-any.whl (129 kB)
#10 9.655      ━━━━━━━━━━━━━━━━━━━━━━━━━━━━━━━━━━━━━━━ 130.0/130.0 kB 3.9 MB/s eta 0:00:00
#10 9.884 Collecting typing-extensions>=4.6
#10 9.928   Downloading typing_extensions-4.16.0-py3-none-any.whl (45 kB)
#10 9.956      ━━━━━━━━━━━━━━━━━━━━━━━━━━━━━━━━━━━━━━━━ 45.6/45.6 kB 7.9 MB/s eta 0:00:00
#10 11.75 Collecting psycopg-binary==3.2.10
#10 12.04   Downloading psycopg_binary-3.2.10-cp311-cp311-manylinux2014_x86_64.manylinux_2_17_x86_64.whl (4.4 MB)
#10 14.02      ━━━━━━━━━━━━━━━━━━━━━━━━━━━━━━━━━━━━━━━━ 4.4/4.4 MB 2.3 MB/s eta 0:00:00
#10 14.20 Collecting psycopg-pool
#10 14.24   Downloading psycopg_pool-3.3.3-py3-none-any.whl (40 kB)
#10 14.27      ━━━━━━━━━━━━━━━━━━━━━━━━━━━━━━━━━━━━━━━━ 40.3/40.3 kB 15.5 MB/s eta 0:00:00
#10 14.81 Installing collected packages: typing-extensions, psycopg-binary, packaging, markupsafe, itsdangerous, click, blinker, werkzeug, psycopg-pool, psycopg, jinja2, gunicorn, Flask
#10 17.56 Successfully installed Flask-3.1.2 blinker-1.9.0 click-8.5.0 gunicorn-23.0.0 itsdangerous-2.2.0 jinja2-3.1.6 markupsafe-3.0.4 packaging-26.3 psycopg-3.2.10 psycopg-binary-3.2.10 psycopg-pool-3.3.3 typing-extensions-4.16.0 werkzeug-3.1.9
#10 18.81 Found existing installation: pip 23.0.1
#10 19.45 Uninstalling pip-23.0.1:
#10 20.85   Successfully uninstalled pip-23.0.1
#10 20.92 Found existing installation: setuptools 66.1.1
#10 21.23 Uninstalling setuptools-66.1.1:
#10 21.99   Successfully uninstalled setuptools-66.1.1
#10 22.06 WARNING: Skipping wheel as it is not installed.
#10 DONE 22.5s

#11 [runtime 2/5] RUN apt-get update && DEBIAN_FRONTEND=noninteractive apt-get install -y --no-install-recommends python3 ca-certificates tzdata && rm -rf /var/lib/apt/lists/* && useradd --uid 10001 --create-home app
#11 CACHED

#12 [runtime 3/5] COPY --from=builder /opt/venv /opt/venv
#12 DONE 1.2s

#13 [runtime 4/5] WORKDIR /app
#13 DONE 0.2s

#14 [runtime 5/5] COPY app.py /app/app.py
#14 DONE 0.1s

#15 exporting to image
#15 exporting layers
#15 exporting layers 3.3s done
#15 exporting manifest sha256:5c4b492f7d2535719a2338b048de24663e27937786599d2edb49c394b3fdcc05 0.0s done
#15 exporting config sha256:2b6e8d3219f7a5f6d1db2a6c6645d4b2cb55a84dcaa4ba7f188de2d996dd798e 0.0s done
#15 exporting attestation manifest sha256:9840ef29a200679b5f7192ee165a6ef3a0ec47f5f92fca50a212c47f4d15b7ae 0.0s done
#15 exporting manifest list sha256:f4a321a77c0a3bb06aed241e07baf71fc3562a2f9e1926f37ffdf6e46b98fbc4 0.0s done
#15 naming to docker.io/library/vaccinations-pr1:local 0.0s done
#15 unpacking to docker.io/library/vaccinations-pr1:local
#15 unpacking to docker.io/library/vaccinations-pr1:local 0.8s done
#15 DONE 4.4s

#16 resolving provenance for metadata file
#16 DONE 0.3s
--progress is a global compose flag, better use `docker compose --progress xx build ...
 Image vaccinations-pr1:local Building 
 Image vaccinations-pr1:local Built 
