#1 [internal] load local bake definitions
#1 reading from stdin 595B 0.1s done
#1 DONE 0.1s

#2 [internal] load build definition from Dockerfile
#2 transferring dockerfile: 1.20kB 0.0s done
#2 DONE 0.0s

#3 [internal] load metadata for docker.io/library/debian:12-slim@sha256:7c7b2c966bc9ee8cedfeef67e0e279108992c77681fa595db4a9d65c06ccc587
#3 DONE 0.1s

#4 [internal] load .dockerignore
#4 transferring context: 108B 0.0s done
#4 DONE 0.1s

#5 [internal] load build context
#5 transferring context: 63B 0.0s done
#5 DONE 0.0s

#6 [builder 1/5] FROM docker.io/library/debian:12-slim@sha256:7c7b2c966bc9ee8cedfeef67e0e279108992c77681fa595db4a9d65c06ccc587
#6 resolve docker.io/library/debian:12-slim@sha256:7c7b2c966bc9ee8cedfeef67e0e279108992c77681fa595db4a9d65c06ccc587 0.0s done
#6 DONE 0.1s

#7 [builder 2/5] RUN apt-get update && DEBIAN_FRONTEND=noninteractive apt-get install -y --no-install-recommends python3 python3-venv ca-certificates && rm -rf /var/lib/apt/lists/*
#7 CACHED

#8 [builder 4/5] COPY requirements.txt /tmp/requirements.txt
#8 CACHED

#9 [builder 5/5] RUN /opt/venv/bin/pip install --no-cache-dir -r /tmp/requirements.txt && /opt/venv/bin/pip uninstall -y pip setuptools wheel
#9 CACHED

#10 [runtime 4/5] WORKDIR /app
#10 CACHED

#11 [runtime 2/5] RUN apt-get update && DEBIAN_FRONTEND=noninteractive apt-get install -y --no-install-recommends python3 ca-certificates tzdata && rm -rf /var/lib/apt/lists/* && useradd --uid 10001 --create-home app
#11 CACHED

#12 [builder 3/5] RUN python3 -m venv /opt/venv
#12 CACHED

#13 [runtime 3/5] COPY --from=builder /opt/venv /opt/venv
#13 CACHED

#14 [runtime 5/5] COPY app.py /app/app.py
#14 CACHED

#15 exporting to image
#15 exporting layers done
#15 exporting manifest sha256:5c4b492f7d2535719a2338b048de24663e27937786599d2edb49c394b3fdcc05 done
#15 exporting config sha256:2b6e8d3219f7a5f6d1db2a6c6645d4b2cb55a84dcaa4ba7f188de2d996dd798e done
#15 exporting attestation manifest sha256:aa5c196d94d2f79c18067389a09865313aa9f5913efadaee61c0ac19c72f9839 0.0s done
#15 exporting manifest list sha256:73d23ac8b7f3b25266267a2df284aef20ad705808fb532c5b0116be9d464ba08
#15 exporting manifest list sha256:73d23ac8b7f3b25266267a2df284aef20ad705808fb532c5b0116be9d464ba08 0.0s done
#15 naming to docker.io/library/vaccinations-pr1:local done
#15 unpacking to docker.io/library/vaccinations-pr1:local 0.0s done
#15 DONE 0.2s

#16 resolving provenance for metadata file
#16 DONE 0.0s
--progress is a global compose flag, better use `docker compose --progress xx build ...
 Image vaccinations-pr1:local Building 
 Image vaccinations-pr1:local Built 
